eeschema (2013-07-07 BZR 4022)-stable  >> Creation date: 2015/12/29 17:08:54
#Cmp ( order = Reference )
| C1         10n         
| C2         0.1u        
| C3         0.1u        
| C4         0.1u        
| C5         0.1u        
| C6         10u         
| C7         10u         
| C8         0.1u        
| C9         10u         
| C10        10u         
| C11        10u         
| C12        10u         
| C13        10u         
| D1         TSAL4400    
| D2         TSAL4400    
| D3         TSAL4400    
| D4         LED         
| D5         TSAL4400    
| D6         LED         
| D7         LED         
| D8         LED         
| L1         VLCF5024T-470MR40-2
| L2         VLCF5024T-470MR40-2
| P1         CONN_2      
| P2         DOWNLOAD    
| P3         L_MOTOR     
| P4         R_MOTOR     
| P5         L_ENC       
| P6         R_ENC       
| P7         L_ENC       
| P8         R_ENC       
| Q1         LTR-4206E   
| Q2         RUM003N02   
| Q3         LTR-4206E   
| Q4         RUM003N02   
| Q5         LTR-4206E   
| Q6         LTR-4206E   
| Q7         RUM003N02   
| Q8         ZXM62P02E6  
| Q9         RUM003N02   
| R1         1k          
| R2         1k          
| R3         100k        
| R4         4.7         
| R5         1k          
| R6         1k          
| R7         100k        
| R8         4.7         
| R9         100k        
| R10        1k          
| R11        1k          
| R12        100k        
| R13        1k          
| R14        4.7         
| R15        1k          
| R16        100k        
| R17        470         
| R18        4.7         
| R19        100k        
| R20        100k        
| R21        10k         
| R22        10k         
| R23        470         
| R24        10k         
| R25        470         
| R26        10k         
| R27        470         
| SW1        SWITCH_INV  
| SW2        B3U-1000P   
| U1         MPU-6500    
| U2         AP7333-28SRG-7
| U3         AP7333-28SRG-7
| U4         R5F5631MCDFL
| U5         DRV8836     
| U6         AS5055      
| U7         AS5055      
| X1         CSTCE12M0G55-R0
#End Cmp

#コンポーネント ( 定数で並び替え )
| 10n          C1        
| 0.1u         C2        
| 0.1u         C3        
| 0.1u         C4        
| 0.1u         C5        
| 0.1u         C8        
| 10u          C6        
| 10u          C7        
| 10u          C9        
| 10u          C10       
| 10u          C11       
| 10u          C12       
| 10u          C13       
| TSAL4400     D1        
| TSAL4400     D2        
| TSAL4400     D3        
| LED          D4        
| TSAL4400     D5        
| LED          D6        
| LED          D7        
| LED          D8        
| VLCF5024T-470MR40-2 L1        
| VLCF5024T-470MR40-2 L2        
| CONN_2       P1        
| DOWNLOAD     P2        
| L_MOTOR      P3        
| R_MOTOR      P4        
| L_ENC        P5        
| R_ENC        P6        
| L_ENC        P7        
| R_ENC        P8        
| LTR-4206E    Q1        
| RUM003N02    Q2        
| LTR-4206E    Q3        
| RUM003N02    Q4        
| LTR-4206E    Q5        
| LTR-4206E    Q6        
| RUM003N02    Q7        
| ZXM62P02E6   Q8        
| RUM003N02    Q9        
| 4.7          R4        
| 4.7          R8        
| 4.7          R14       
| 4.7          R18       
| 470          R17       
| 470          R23       
| 470          R25       
| 470          R27       
| 1k           R1        
| 1k           R2        
| 1k           R5        
| 1k           R6        
| 1k           R10       
| 1k           R11       
| 1k           R13       
| 1k           R15       
| 10k          R21       
| 10k          R22       
| 10k          R24       
| 10k          R26       
| 100k         R3        
| 100k         R7        
| 100k         R9        
| 100k         R12       
| 100k         R16       
| 100k         R19       
| 100k         R20       
| SWITCH_INV   SW1       
| B3U-1000P    SW2       
| MPU-6500     U1        
| R5F5631MCDFL U4        
| DRV8836      U5        
| AS5055       U6        
| AS5055       U7        
| AP7333-28SRG-7 U2        
| AP7333-28SRG-7 U3        
| CSTCE12M0G55-R0 X1        
#コンポーネント終了

#リスト終了
