Renesas Optimizing Linker (W2.04.00 )             02-Nov-2016 23:13:42

*** Options ***

-subcommand=DefaultBuild\TohokuMouse2016.clnk
-library=DefaultBuild\TohokuMouse2016.lib
-input=DefaultBuild\dbsct.obj
-input=DefaultBuild\intprg.obj
-input=DefaultBuild\resetprg.obj
-input=DefaultBuild\sbrk.obj
-input=DefaultBuild\TohokuMouse2016.obj
-input=DefaultBuild\vecttbl.obj
-input=DefaultBuild\Mcu.obj
-input=DefaultBuild\Sci.obj
-input=DefaultBuild\Adc.obj
-input=DefaultBuild\Gpio.obj
-input=DefaultBuild\Test.obj
-input=DefaultBuild\Timer.obj
-input=DefaultBuild\Spi.obj
-input=DefaultBuild\Rspi.obj
-input=DefaultBuild\Utility.obj
-input=DefaultBuild\AS5055.obj
-input=DefaultBuild\PushSwitch.obj
-input=DefaultBuild\Battery.obj
-input=DefaultBuild\AplMain.obj
-input=DefaultBuild\WallSensor.obj
-input=DefaultBuild\Gyro.obj
-noprelink
-output=DefaultBuild\TohokuMouse2016.abs
-list=DefaultBuild\TohokuMouse2016.map
-show=total_size
-nooptimize
-start=B_1,R_1,B_2,R_2,B,R,SU,SI/04,PResetPRG/0FFFC0000,C_1,C_2,C,C$DSEC,C$BSEC,C$INIT,C$VTBL,C$VECT,D_1,D_2,D,P,PIntPRG,W_1,W_2,W,L/0FFFC0100,FIXEDVECT/0FFFFFFD0
-rom=D=R,D_1=R_1,D_2=R_2
-stack
-nologo
-end

*** Error information ***

*** Mapping List ***

SECTION                            START      END         SIZE   ALIGN

B_1
                                  00000004  000000cb        c8   1
R_1
                                  000000cc  000000d3         8   1
B_2
                                  000000d4  000000d4         0   1
R_2
                                  000000d4  000000d4         0   1
B
                                  000000d4  000004fb       428   4
R
                                  000004fc  00000547        4c   4
SU
                                  00000548  00000647       100   4
SI
                                  00000648  00000947       300   4
PResetPRG
                                  fffc0000  fffc0030        31   1
C_1
                                  fffc0100  fffc0100         0   1
C_2
                                  fffc0100  fffc0100         0   1
C
                                  fffc0100  fffc0133        34   4
C$DSEC
                                  fffc0134  fffc0157        24   4
C$BSEC
                                  fffc0158  fffc016f        18   4
C$INIT
                                  fffc0170  fffc0170         0   1
C$VTBL
                                  fffc0170  fffc0170         0   1
C$VECT
                                  fffc0170  fffc056f       400   4
D_1
                                  fffc0570  fffc0577         8   1
D_2
                                  fffc0578  fffc0578         0   1
D
                                  fffc0578  fffc05c3        4c   4
P
                                  fffc05c4  fffc1987      13c4   1
PIntPRG
                                  fffc1988  fffc1b21       19a   1
W_1
                                  fffc1b22  fffc1b22         0   1
W_2
                                  fffc1b22  fffc1b22         0   1
W
                                  fffc1b22  fffc1b22         0   1
L
                                  fffc1b24  fffc1c6d       14a   4
$ADDR_C_FFFFFF80
                                  ffffff80  ffffff83         4   1
$ADDR_C_FFFFFFA0
                                  ffffffa0  ffffffaf        10   1
FIXEDVECT
                                  ffffffd0  ffffffff        30   4

*** Total Section Size ***

RAMDATA SECTION:  00000944 Byte(s)
ROMDATA SECTION:  00000652 Byte(s)
PROGRAM SECTION:  0000158f Byte(s)
