Renesas Optimizing Linker (W2.04.00 )             09-Jan-2016 11:28:40

*** Options ***

-subcommand=DefaultBuild\TohokuMouse2016.clnk
-library=DefaultBuild\TohokuMouse2016.lib
-input=DefaultBuild\dbsct.obj
-input=DefaultBuild\intprg.obj
-input=DefaultBuild\resetprg.obj
-input=DefaultBuild\sbrk.obj
-input=DefaultBuild\TohokuMouse2016.obj
-input=DefaultBuild\vecttbl.obj
-noprelink
-output=DefaultBuild\TohokuMouse2016.abs
-list=DefaultBuild\TohokuMouse2016.map
-show=total_size
-nooptimize
-start=B_1,R_1,B_2,R_2,B,R,SU,SI/04,PResetPRG/0FFFC0000,C_1,C_2,C,C$DSEC,C$BSEC,C$INIT,C$VTBL,C$VECT,D_1,D_2,D,P,PIntPRG,W_1,W_2,W,L/0FFFC0100,FIXEDVECT/0FFFFFFD0
-rom=D=R,D_1=R_1,D_2=R_2
-stack
-nologo
-end

*** Error information ***

*** Mapping List ***

SECTION                            START      END         SIZE   ALIGN

B_1
                                  00000004  00000004         0   1
R_1
                                  00000004  00000004         0   1
B_2
                                  00000004  00000004         0   1
R_2
                                  00000004  00000004         0   1
B
                                  00000004  00000403       400   4
R
                                  00000404  00000407         4   4
SU
                                  00000408  00000507       100   4
SI
                                  00000508  00000807       300   4
PResetPRG
                                  fffc0000  fffc0030        31   1
C_1
                                  fffc0100  fffc0100         0   1
C_2
                                  fffc0100  fffc0100         0   1
C
                                  fffc0100  fffc0133        34   4
C$DSEC
                                  fffc0134  fffc0157        24   4
C$BSEC
                                  fffc0158  fffc016f        18   4
C$INIT
                                  fffc0170  fffc0170         0   1
C$VTBL
                                  fffc0170  fffc0170         0   1
C$VECT
                                  fffc0170  fffc056f       400   4
D_1
                                  fffc0570  fffc0570         0   1
D_2
                                  fffc0570  fffc0570         0   1
D
                                  fffc0570  fffc0573         4   4
P
                                  fffc0574  fffc061a        a7   1
PIntPRG
                                  fffc061b  fffc07b8       19e   1
W_1
                                  fffc07b9  fffc07b9         0   1
W_2
                                  fffc07b9  fffc07b9         0   1
W
                                  fffc07b9  fffc07b9         0   1
L
                                  fffc07b9  fffc07b9         0   1
$ADDR_C_FFFFFF80
                                  ffffff80  ffffff83         4   1
$ADDR_C_FFFFFFA0
                                  ffffffa0  ffffffaf        10   1
FIXEDVECT
                                  ffffffd0  ffffffff        30   4

*** Total Section Size ***

RAMDATA SECTION:  00000804 Byte(s)
ROMDATA SECTION:  000004b8 Byte(s)
PROGRAM SECTION:  00000276 Byte(s)
