Renesas Optimizing Linker (W2.04.00 )             09-Feb-2016 21:43:08

*** Options ***

-subcommand=DefaultBuild\TohokuMouse2016.clnk
-library=DefaultBuild\TohokuMouse2016.lib
-input=DefaultBuild\dbsct.obj
-input=DefaultBuild\intprg.obj
-input=DefaultBuild\resetprg.obj
-input=DefaultBuild\sbrk.obj
-input=DefaultBuild\TohokuMouse2016.obj
-input=DefaultBuild\vecttbl.obj
-input=DefaultBuild\Mcu.obj
-input=DefaultBuild\Sci.obj
-input=DefaultBuild\Adc.obj
-input=DefaultBuild\Gpio.obj
-input=DefaultBuild\Test.obj
-input=DefaultBuild\Timer.obj
-input=DefaultBuild\Spi.obj
-noprelink
-output=DefaultBuild\TohokuMouse2016.abs
-list=DefaultBuild\TohokuMouse2016.map
-show=total_size
-nooptimize
-start=B_1,R_1,B_2,R_2,B,R,SU,SI/04,PResetPRG/0FFFC0000,C_1,C_2,C,C$DSEC,C$BSEC,C$INIT,C$VTBL,C$VECT,D_1,D_2,D,P,PIntPRG,W_1,W_2,W,L/0FFFC0100,FIXEDVECT/0FFFFFFD0
-rom=D=R,D_1=R_1,D_2=R_2
-stack
-nologo
-end

*** Error information ***

*** Mapping List ***

SECTION                            START      END         SIZE   ALIGN

B_1
                                  00000004  000000cb        c8   1
R_1
                                  000000cc  000000cc         1   1
B_2
                                  000000cd  000000cd         0   1
R_2
                                  000000cd  000000cd         0   1
B
                                  000000d0  000004df       410   4
R
                                  000004e0  000004e7         8   4
SU
                                  000004e8  000005e7       100   4
SI
                                  000005e8  000008e7       300   4
PResetPRG
                                  fffc0000  fffc0030        31   1
C_1
                                  fffc0100  fffc0100         0   1
C_2
                                  fffc0100  fffc0100         0   1
C
                                  fffc0100  fffc0133        34   4
C$DSEC
                                  fffc0134  fffc0157        24   4
C$BSEC
                                  fffc0158  fffc016f        18   4
C$INIT
                                  fffc0170  fffc0170         0   1
C$VTBL
                                  fffc0170  fffc0170         0   1
C$VECT
                                  fffc0170  fffc056f       400   4
D_1
                                  fffc0570  fffc0570         1   1
D_2
                                  fffc0571  fffc0571         0   1
D
                                  fffc0574  fffc057b         8   4
P
                                  fffc057c  fffc0d68       7ed   1
PIntPRG
                                  fffc0d69  fffc0f02       19a   1
W_1
                                  fffc0f03  fffc0f03         0   1
W_2
                                  fffc0f03  fffc0f03         0   1
W
                                  fffc0f03  fffc0f03         0   1
L
                                  fffc0f04  fffc0f69        66   4
$ADDR_C_FFFFFF80
                                  ffffff80  ffffff83         4   1
$ADDR_C_FFFFFFA0
                                  ffffffa0  ffffffaf        10   1
FIXEDVECT
                                  ffffffd0  ffffffff        30   4

*** Total Section Size ***

RAMDATA SECTION:  000008e1 Byte(s)
ROMDATA SECTION:  00000523 Byte(s)
PROGRAM SECTION:  000009b8 Byte(s)
