Renesas Optimizing Linker (W2.04.00 )             01-Jul-2017 15:56:22

*** Options ***

-subcommand=DefaultBuild\TohokuMouse2016.clnk
-library=DefaultBuild\TohokuMouse2016.lib
-input=DefaultBuild\dbsct.obj
-input=DefaultBuild\intprg.obj
-input=DefaultBuild\resetprg.obj
-input=DefaultBuild\sbrk.obj
-input=DefaultBuild\TohokuMouse2016.obj
-input=DefaultBuild\vecttbl.obj
-input=DefaultBuild\Mcu.obj
-input=DefaultBuild\Sci.obj
-input=DefaultBuild\Adc.obj
-input=DefaultBuild\Gpio.obj
-input=DefaultBuild\Test.obj
-input=DefaultBuild\Timer.obj
-input=DefaultBuild\Spi.obj
-input=DefaultBuild\Rspi.obj
-input=DefaultBuild\Utility.obj
-input=DefaultBuild\AS5055.obj
-input=DefaultBuild\PushSwitch.obj
-input=DefaultBuild\Battery.obj
-input=DefaultBuild\AplMain.obj
-input=DefaultBuild\WallSensor.obj
-input=DefaultBuild\Gyro.obj
-input=DefaultBuild\RotaryEncoder.obj
-input=DefaultBuild\Motor.obj
-noprelink
-output=DefaultBuild\TohokuMouse2016.abs
-message
-list=DefaultBuild\TohokuMouse2016.map
-show=total_size
-nooptimize
-start=B_1,R_1,B_2,R_2,B,R,SU,SI/04,PResetPRG/0FFFC0000,C_1,C_2,C,C$DSEC,C$BSEC,C$INIT,C$VTBL,C$VECT,D_1,D_2,D,P,PIntPRG,W_1,W_2,W,L/0FFFC0100,FIXEDVECT/0FFFFFFD0
-rom=D=R,D_1=R_1,D_2=R_2
-stack
-change_message=warning
-total_size
-nologo
-end

*** Error information ***

*** Mapping List ***

SECTION                            START      END         SIZE   ALIGN

B_1
                                  00000004  000000cb        c8   1
R_1
                                  000000cc  000000e0        15   1
B_2
                                  000000e1  000000e1         0   1
R_2
                                  000000e1  000000e1         0   1
B
                                  000000e4  00006063      5f80   4
R
                                  00006064  000061e3       180   4
SU
                                  000061e4  000062e3       100   4
SI
                                  000062e4  000065e3       300   4
PResetPRG
                                  fffc0000  fffc0030        31   1
C_1
                                  fffc0100  fffc0100         0   1
C_2
                                  fffc0100  fffc0100         0   1
C
                                  fffc0100  fffc0253       154   4
C$DSEC
                                  fffc0254  fffc0277        24   4
C$BSEC
                                  fffc0278  fffc028f        18   4
C$INIT
                                  fffc0290  fffc0290         0   1
C$VTBL
                                  fffc0290  fffc0290         0   1
C$VECT
                                  fffc0290  fffc068f       400   4
D_1
                                  fffc0690  fffc06a4        15   1
D_2
                                  fffc06a5  fffc06a5         0   1
D
                                  fffc06a8  fffc0827       180   4
P
                                  fffc0828  fffc343f      2c18   1
PIntPRG
                                  fffc3440  fffc35d9       19a   1
W_1
                                  fffc35da  fffc35da         0   1
W_2
                                  fffc35da  fffc3619        40   2
W
                                  fffc361c  fffc361c         0   4
L
                                  fffc361c  fffc3819       1fe   4
$ADDR_C_FFFFFF80
                                  ffffff80  ffffff83         4   1
$ADDR_C_FFFFFFA0
                                  ffffffa0  ffffffaf        10   1
FIXEDVECT
                                  ffffffd0  ffffffff        30   4

*** Total Section Size ***

RAMDATA SECTION:  000065dd Byte(s)
ROMDATA SECTION:  000009a7 Byte(s)
PROGRAM SECTION:  00002de3 Byte(s)
